// Jest Snapshot v1, https://goo.gl/fbAQLP

exports[`Q&A testing should render the Q&A widget correctly 1`] = `ShallowWrapper {}`;
